[sdif.sourceforge.net/wiki/index.php/Main_Page.html]
[backblue.gif]
[fade.gif]
[index.html]
[sdif.sourceforge.net/wiki/index.php/SDIF_Articles.html]
[sdif.sourceforge.net/wiki/index.php/SDIF_FAQ.html]
[sdif.sourceforge.net/wiki/index.php/SDIF_Type_Grafitti_Wall.html]
[sdif.sourceforge.net/wiki/index.php/Applications.html]
[sdif.sourceforge.net/wiki/index.php/Special_AllPages.html]
[sdif.sourceforge.net/wiki/index.php/Special_RecentChanges.html]
[sdif.sourceforge.net/wiki/index.php/SDIF_Examples.html]
[sdif.sourceforge.net/wiki/index.php/SDIF_Matlab.html]
[sdif.sourceforge.net/wiki/index.php/SDIF_Tools.html]
[sdif.sourceforge.net/wiki/index.php/Special_WhatLinksHere/Main_Page.html]
[sdif.sourceforge.net/wiki/index.php/Special_RecentChangesLinked/Main_Page.html]
[sdif.sourceforge.net/wiki/index.php/Special_SpecialPages.html]
[sdif.sourceforge.net/wiki/index.php/Sdif_Privacy_policy]
[sdif.sourceforge.net/wiki/index.php/Sdif_About]
[sdif.sourceforge.net/wiki/index.php/Sdif_General_disclaimer]
[sdif.sourceforge.net/wiki/index.php/Main_Page.html]
[sdif.sourceforge.net/wiki/index.php/Special_BookSources/9780853162698.html]
[sdif.sourceforge.net/wiki/index.php/Special_WhatLinksHere/SDIF_Articles.html]
[sdif.sourceforge.net/wiki/index.php/SDIF_Articles.html]
[sdif.sourceforge.net/wiki/index.php/Special_RecentChangesLinked/SDIF_Articles.html]
[sdif.sourceforge.net/wiki/index.php/Special_WhatLinksHere/SDIF_FAQ.html]
[sdif.sourceforge.net/wiki/index.php/SDIF_FAQ.html]
[sdif.sourceforge.net/wiki/index.php/Special_RecentChangesLinked/SDIF_FAQ.html]
[sdif.sourceforge.net/wiki/index.php/Special_WhatLinksHere/SDIF_Type_Grafitti_Wall.html]
[sdif.sourceforge.net/wiki/index.php/SDIF_Type_Grafitti_Wall.html]
[sdif.sourceforge.net/wiki/index.php/Special_RecentChangesLinked/SDIF_Type_Grafitti_Wall.html]
[sdif.sourceforge.net/wiki/index.php/Special_WhatLinksHere/Applications.html]
[sdif.sourceforge.net/wiki/index.php/Applications.html]
[sdif.sourceforge.net/wiki/index.php/Special_AllPages.html]
[sdif.sourceforge.net/wiki/index.php/Special_RecentChanges.html]
[sdif.sourceforge.net/wiki/index.php/Special_RecentChangesLinked/Applications.html]
[sdif.sourceforge.net/wiki/index.php/Special_WhatLinksHere/SDIF_Examples.html]
[sdif.sourceforge.net/wiki/index.php/SDIF_Examples.html]
[sdif.sourceforge.net/wiki/index.php/Special_RecentChangesLinked/SDIF_Examples.html]
[sdif.sourceforge.net/wiki/index.php/Special_WhatLinksHere/SDIF_Matlab.html]
[sdif.sourceforge.net/wiki/index.php/SDIF_Matlab.html]
[sdif.sourceforge.net/wiki/index.php/Special_RecentChangesLinked/SDIF_Matlab.html]
[sdif.sourceforge.net/wiki/index.php/Special_WhatLinksHere/SDIF_Tools.html]
[sdif.sourceforge.net/wiki/index.php/SDIF_Tools.html]
[sdif.sourceforge.net/wiki/index.php/Special_WhatLinksHere/Main_Page.html]
[sdif.sourceforge.net/wiki/index.php/Special_RecentChangesLinked/Main_Page.html]
[sdif.sourceforge.net/wiki/index.php/Special_SpecialPages.html]
[sdif.sourceforge.net/wiki/index.php/Sdif_Privacy_policy.html]
[sdif.sourceforge.net/wiki/index.php/Sdif_About.html]
[sdif.sourceforge.net/wiki/index.php/Sdif_General_disclaimer.html]
[sdif.sourceforge.net/wiki/index.php/Special_BookSources/9780853162698.html]
[sdif.sourceforge.net/wiki/index.php/Special_WhatLinksHere/SDIF_Articles.html]
[sdif.sourceforge.net/wiki/index.php/Special_RecentChangesLinked/SDIF_Articles.html]
[sdif.sourceforge.net/wiki/index.php/Special_WhatLinksHere/SDIF_FAQ.html]
[sdif.sourceforge.net/wiki/index.php/Special_RecentChangesLinked/SDIF_FAQ.html]
[sdif.sourceforge.net/wiki/index.php/Special_WhatLinksHere/SDIF_Type_Grafitti_Wall.html]
[sdif.sourceforge.net/wiki/index.php/Special_RecentChangesLinked/SDIF_Type_Grafitti_Wall.html]
[sdif.sourceforge.net/wiki/index.php/Special_WhatLinksHere/Applications.html]
[sdif.sourceforge.net/wiki/index.php/Special_RecentChangesLinked/Applications.html]
[sdif.sourceforge.net/wiki/index.php/Special_WhatLinksHere/SDIF_Examples.html]
[sdif.sourceforge.net/wiki/index.php/Special_RecentChangesLinked/SDIF_Examples.html]
[sdif.sourceforge.net/wiki/index.php/Special_WhatLinksHere/SDIF_Matlab.html]
[sdif.sourceforge.net/wiki/index.php/Special_RecentChangesLinked/SDIF_Matlab.html]
[sdif.sourceforge.net/wiki/index.php/Special_WhatLinksHere/SDIF_Tools.html]
[sdif.sourceforge.net/wiki/index.php/Special_RecentChangesLinked/SDIF_Tools.html]
[sdif.sourceforge.net/wiki/index.php/Special_RecentChangesLinked/SDIF_Tools.html]
